Microchip MPLAB XC8 Compiler V2.41

Linker command line:

-W-3 \
  --edf=C:/Program Files/Microchip/MPLABX/v6.20/packs/Microchip/PIC18F-K_DFP/1.13.292/xc8\pic\dat\20231012153220_en.msgs \
  -cn -h+dist/default/production\FSM.X.production.sym \
  --cmf=dist/default/production\FSM.X.production.cmf -z -Q18F46K22 \
  -oC:\Users\oggys\AppData\Local\Temp\xcAs3ok.\driver_tmp_3.o \
  --defsym=__MPLAB_BUILD=1 --fixupoverflow=error \
  -Mdist/default/production/FSM.X.production.map \
  --md=C:\Users\oggys\AppData\Local\Temp\xcAs3ok.\driver_tmp_0.dat -E1 \
  -ver=XC8 Compiler --acfsm=1493 -ASTACK=0FEh-0F37h -pstack=STACK \
  -ACODE=00h-0FFFFh -ACONST=00h-0FFFFh -ASMALLCONST=01000h-010FFhx240 \
  -AMEDIUMCONST=01000h-0FFFFh -ACOMRAM=01h-05Fh -AABS1=00h-0F37h \
  -ABIGRAM=01h-0F37h -ARAM=060h-0FFh,0100h-01FFhx14,0F00h-0F37h \
  -ABANK0=060h-0FFh -ABANK1=0100h-01FFh -ABANK2=0200h-02FFh \
  -ABANK3=0300h-03FFh -ABANK4=0400h-04FFh -ABANK5=0500h-05FFh \
  -ABANK6=0600h-06FFh -ABANK7=0700h-07FFh -ABANK8=0800h-08FFh \
  -ABANK9=0900h-09FFh -ABANK10=0A00h-0AFFh -ABANK11=0B00h-0BFFh \
  -ABANK12=0C00h-0CFFh -ABANK13=0D00h-0DFFh -ABANK14=0E00h-0EFFh \
  -ABANK15=0F00h-0F37h -ASFR=0F38h-0F5Fh,0F60h-0FFFh -ABIGSFR=0F38h-0FFFh \
  -ACONFIG=0300000h-030000Dh -AIDLOC=0200000h-0200007h \
  -AEEDATA=0F00000h-0F003FFh -peeprom_data=EEDATA \
  -preset_vec=00h,intcode=08h,intcodelo=018h,powerup,init -pramtop=01000h \
  -psmallconst=SMALLCONST -pmediumconst=MEDIUMCONST -pconst=CONST \
  -AFARRAM=00h-00h \
  -prdata=COMRAM,nvrram=COMRAM,nvbit=COMRAM,rbss=COMRAM,rbit=COMRAM \
  -pfarbss=FARRAM,fardata=FARRAM,nvFARRAM=FARRAM \
  -pintsave_regs=BIGRAM,bigbss=BIGRAM,bigdata=BIGRAM -pbss=RAM \
  -pidata=CODE,irdata=CODE,ibigdata=CODE,ifardata=CODE -prparam=COMRAM \
  C:\Users\oggys\AppData\Local\Temp\xcAs3ok.\driver_tmp_14.o \
  dist/default/production\FSM.X.production.o 

Object code version is 3.11

Machine type is 18F46K22



                Name                               Link     Load   Length Selector   Space Scale
C:\Users\oggys\AppData\Local\Temp\xcAs3ok.\driver_tmp_14.o
                stack                                FE       FE      E3A       FE       2
                idloc                            200000   200000        8        0       5
                config                           300000   300000        E        0       4
                init                                15C      15C        8        C       0
                reset_vec                             0        0        4        0       0
dist/default/production\FSM.X.production.o
                intcodelo                            18       18      144        C       0
                intcode                               8        8        4        4       0
                idloc                            200000   200000        8        0       5
                config                           300000   300000        E        0       4
                temp                                  1        1       20        1       1
                mediumconst                        FE48     FE48      1B8     7F24       0
                text55                             4FBE     4FBE       6A        C       0
                intcode_body                       3C6C     3C6C      12C        C       0
                text53                             4BC2     4BC2       AC        C       0
                text52                             53D6     53D6       16        C       0
                text50                             5344     5344       28        C       0
                text49                             43B8     43B8       DE        C       0
                text48                             5316     5316       2E        C       0
                text47                             2228     2228      626        C       0
                text46                             41F2     41F2       E4        C       0
                text45                             3992     3992      186        C       0
                text44                             19D2     19D2      856        C       0
                text43                             51D6     51D6       4A        C       0
                text42                             10EE     10EE      8E4        C       0
                text41                             52E0     52E0       36        C       0
                text40                             3658     3658      1A8        C       0
                text39                             3800     3800      192        C       0
                text38                             2CC4     2CC4      33C        C       0
                text37                             4F42     4F42       7C        C       0
                text36                             42D6     42D6       E2        C       0
                text35                             53BE     53BE       18        C       0
                text34                             3D98     3D98      128        C       0
                text33                             4DAA     4DAA       92        C       0
                text32                             47F8     47F8       CE        C       0
                text31                             4C6E     4C6E       A6        C       0
                text30                              164      164      F8A        C       0
                text29                             3EC0     3EC0      11E        C       0
                text28                             4EC6     4EC6       7C        C       0
                text27                             3260     3260      218        C       0
                text26                             3478     3478      1E0        C       0
                text25                             284E     284E      476        C       0
                text24                             4E3C     4E3C       8A        C       0
                text23                             50E4     50E4       56        C       0
                text22                             518A     518A       4C        C       0
                text21                             3000     3000      260        C       0
                text20                             5088     5088       5C        C       0
                text19                             4728     4728       D0        C       0
                text18                             4572     4572       DC        C       0
                text17                             48C6     48C6       CA        C       0
                text16                             4D14     4D14       96        C       0
                text15                             4A58     4A58       B6        C       0
                text14                             4496     4496       DC        C       0
                text13                             464E     464E       DA        C       0
                text12                             4990     4990       C8        C       0
                text11                             3B18     3B18      154        C       0
                text10                             5220     5220       44        C       0
                text9                              513A     513A       50        C       0
                text8                              40EE     40EE      104        C       0
                text7                              536C     536C       1E        C       0
                text6                              5028     5028       60        C       0
                text5                              53EC     53EC       12        C       0
                text4                              3FDE     3FDE      110        C       0
                text3                              538A     538A       1C        C       0
                text2                              52A2     52A2       3E        C       0
                text1                              53A6     53A6       18        C       0
                text0                              4B0E     4B0E       B4        C       0
                cstackCOMRAM                         3C       3C        B        1       1
                cstackBANK0                          F3       F3        B       60       1
                bssBANK0                             60       60       93       60       1
                dataCOMRAM                           47       47        7        1       1
                bssCOMRAM                            21       21       1B        1       1
                cinit                              5264     5264       3E        C       0
                idataCOMRAM                        53FE     53FE        7        C       0

TOTAL           Name                               Link     Load   Length     Space
        CLASS   STACK          
                stack                                FE       FE      E3A         2

        CLASS   CODE           
                intcodelo                            18       18      144         0
                intcode                               8        8        4         0
                init                                15C      15C        8         0
                reset_vec                             0        0        4         0
                text55                             4FBE     4FBE       6A         0
                intcode_body                       3C6C     3C6C      12C         0
                text53                             4BC2     4BC2       AC         0
                text52                             53D6     53D6       16         0
                text50                             5344     5344       28         0
                text49                             43B8     43B8       DE         0
                text48                             5316     5316       2E         0
                text47                             2228     2228      626         0
                text46                             41F2     41F2       E4         0
                text45                             3992     3992      186         0
                text44                             19D2     19D2      856         0
                text43                             51D6     51D6       4A         0
                text42                             10EE     10EE      8E4         0
                text41                             52E0     52E0       36         0
                text40                             3658     3658      1A8         0
                text39                             3800     3800      192         0
                text38                             2CC4     2CC4      33C         0
                text37                             4F42     4F42       7C         0
                text36                             42D6     42D6       E2         0
                text35                             53BE     53BE       18         0
                text34                             3D98     3D98      128         0
                text33                             4DAA     4DAA       92         0
                text32                             47F8     47F8       CE         0
                text31                             4C6E     4C6E       A6         0
                text30                              164      164      F8A         0
                text29                             3EC0     3EC0      11E         0
                text28                             4EC6     4EC6       7C         0
                text27                             3260     3260      218         0
                text26                             3478     3478      1E0         0
                text25                             284E     284E      476         0
                text24                             4E3C     4E3C       8A         0
                text23                             50E4     50E4       56         0
                text22                             518A     518A       4C         0
                text21                             3000     3000      260         0
                text20                             5088     5088       5C         0
                text19                             4728     4728       D0         0
                text18                             4572     4572       DC         0
                text17                             48C6     48C6       CA         0
                text16                             4D14     4D14       96         0
                text15                             4A58     4A58       B6         0
                text14                             4496     4496       DC         0
                text13                             464E     464E       DA         0
                text12                             4990     4990       C8         0
                text11                             3B18     3B18      154         0
                text10                             5220     5220       44         0
                text9                              513A     513A       50         0
                text8                              40EE     40EE      104         0
                text7                              536C     536C       1E         0
                text6                              5028     5028       60         0
                text5                              53EC     53EC       12         0
                text4                              3FDE     3FDE      110         0
                text3                              538A     538A       1C         0
                text2                              52A2     52A2       3E         0
                text1                              53A6     53A6       18         0
                text0                              4B0E     4B0E       B4         0
                cinit                              5264     5264       3E         0
                idataCOMRAM                        53FE     53FE        7         0

        CLASS   CONST          

        CLASS   SMALLCONST     

        CLASS   MEDIUMCONST    
                mediumconst                        FE48     FE48      1B8         0

        CLASS   COMRAM         
                temp                                  1        1       20         1
                cstackCOMRAM                         3C       3C        B         1
                dataCOMRAM                           47       47        7         1
                bssCOMRAM                            21       21       1B         1

        CLASS   ABS1           

        CLASS   BIGRAM         

        CLASS   RAM            

        CLASS   BANK0          
                cstackBANK0                          F3       F3        B         1
                bssBANK0                             60       60       93         1

        CLASS   BANK1          

        CLASS   BANK2          

        CLASS   BANK3          

        CLASS   BANK4          

        CLASS   BANK5          

        CLASS   BANK6          

        CLASS   BANK7          

        CLASS   BANK8          

        CLASS   BANK9          

        CLASS   BANK10         

        CLASS   BANK11         

        CLASS   BANK12         

        CLASS   BANK13         

        CLASS   BANK14         

        CLASS   BANK15         

        CLASS   SFR            

        CLASS   BIGSFR         

        CLASS   CONFIG         
                config                           300000   300000        E         4

        CLASS   IDLOC          
                idloc                            200000   200000        8         5

        CLASS   EEDATA         

        CLASS   FARRAM         

        CLASS   HEAP           



SEGMENTS        Name                           Load    Length   Top    Selector   Space  Class

                reset_vec                      000000  000004  000004         0       0  CODE    
                temp                           000001  00004D  00004E         1       1  COMRAM  
                intcode                        000008  000004  00000C         4       0  CODE    
                intcodelo                      000018  0053ED  005405         C       0  CODE    
                bssBANK0                       000060  00009E  0000FE        60       1  BANK0   
                stack                          0000FE  000E3A  000F38        FE       2  STACK   
                mediumconst                    00FE48  0001B8  010000      7F24       0  MEDIUMCO


UNUSED ADDRESS RANGES

        Name                Unused          Largest block    Delta
        BANK0            0000FE-0000FF                2
        BANK1            000100-0001FF              100
        BANK10           000A00-000AFF              100
        BANK11           000B00-000BFF              100
        BANK12           000C00-000CFF              100
        BANK13           000D00-000DFF              100
        BANK14           000E00-000EFF              100
        BANK15           000F00-000F37               38
        BANK2            000200-0002FF              100
        BANK3            000300-0003FF              100
        BANK4            000400-0004FF              100
        BANK5            000500-0005FF              100
        BANK6            000600-0006FF              100
        BANK7            000700-0007FF              100
        BANK8            000800-0008FF              100
        BANK9            000900-0009FF              100
        BIGRAM           00004E-00005F               12
                         0000FE-000F37              E3A
        BIGSFR           000F38-000FFF               C8
        CODE             000004-000007                4
                         00000C-000017                C
                         005405-00FE47             AA43
        COMRAM           00004E-00005F               12
        CONST            000004-000007                4
                         00000C-000017                C
                         005405-00FE47             AA43
        EEDATA           F00000-F003FF              400
        MEDIUMCONST      005405-00FE47             AA43
        RAM              0000FE-000F37              100
        SFR              000F38-000FFF               28
        SMALLCONST       005405-00FE47              100

                                  Symbol Table

_ADCON0bits                 (abs)        000FC2
_ADCON2bits                 (abs)        000FC0
_ADRESH                     (abs)        000FC4
_ADRESL                     (abs)        000FC3
_ANSELA                     (abs)        000F38
_ANSELCbits                 (abs)        000F3A
_ANSELDbits                 (abs)        000F3B
_ANSELE                     (abs)        000F3C
_GIE                        (abs)        007F97
_GIEH                       (abs)        007F97
_GIEL                       (abs)        007F96
_GODONE                     (abs)        007E11
_HIGH_ISR                   intcode      000008
_IPEN                       (abs)        007E87
_IPR1bits                   (abs)        000F9F
_LATAbits                   (abs)        000F89
_LATBbits                   (abs)        000F8A
_LATCbits                   (abs)        000F8B
_LATDbits                   (abs)        000F8C
_LCD_Clear                  text22       00518A
_LCD_Init                   text8        0040EE
_LCD_Send                   text50       005344
_LCD_ShowString             text49       0043B8
_LOW_ISR                    intcodelo    000018
_PORTAbits                  (abs)        000F80
_PORTCbits                  (abs)        000F82
_PR2                        (abs)        000FBB
_PR6                        (abs)        000F4B
_RC1IE                      (abs)        007CED
_RC1IF                      (abs)        007CF5
_RCREG1                     (abs)        000FAE
_RCSTA1bits                 (abs)        000FAB
_RC_isr_cb                  bssCOMRAM    000039
_SPBRG1                     (abs)        000FAF
_SSP2ADD                    (abs)        000F6E
_SSP2BUF                    (abs)        000F6F
_SSP2CON1bits               (abs)        000F6C
_SSP2CON2bits               (abs)        000F6B
_SSP2IF                     (abs)        007D27
_SSP2STATbits               (abs)        000F6D
_T1CONbits                  (abs)        000FCD
_T2CONbits                  (abs)        000FBA
_T6CONbits                  (abs)        000F4A
_TMR1                       (abs)        000FCE
_TMR1IE                     (abs)        007CE8
_TMR1IF                     (abs)        007CF0
_TMR1ON                     (abs)        007E68
_TMR2IE                     (abs)        007CE9
_TMR2IF                     (abs)        007CF1
_TMR2ON                     (abs)        007DD2
_TMR6                       (abs)        000F4C
_TMR6IE                     (abs)        007BEA
_TMR6IF                     (abs)        007BF2
_TMR6ON                     (abs)        007A52
_TRISAbits                  (abs)        000F92
_TRISBbits                  (abs)        000F93
_TRISCbits                  (abs)        000F94
_TRISDbits                  (abs)        000F95
_TX1IF                      (abs)        007CF4
_TXREG1                     (abs)        000FAD
_TXSTA1bits                 (abs)        000FAC
__HRAM                      (abs)        000000
__H__absolute__             __absolute__ 000000
__Habs1                     abs1         000000
__Hbank0                    bank0        000000
__Hbank1                    bank1        000000
__Hbank10                   bank10       000000
__Hbank11                   bank11       000000
__Hbank12                   bank12       000000
__Hbank13                   bank13       000000
__Hbank14                   bank14       000000
__Hbank15                   bank15       000000
__Hbank2                    bank2        000000
__Hbank3                    bank3        000000
__Hbank4                    bank4        000000
__Hbank5                    bank5        000000
__Hbank6                    bank6        000000
__Hbank7                    bank7        000000
__Hbank8                    bank8        000000
__Hbank9                    bank9        000000
__Hbigbss                   bigbss       000000
__Hbigdata                  bigdata      000000
__Hbigram                   bigram       000000
__Hbigsfr                   bigsfr       000000
__Hbss                      bss          000000
__HbssBANK0                 bssBANK0     000000
__HbssCOMRAM                bssCOMRAM    000000
__Hcinit                    cinit        000000
__Hclrtext                  clrtext      000000
__Hcomram                   comram       000000
__Hconfig                   config       30000E
__Hconst                    const        000000
__HcstackBANK0              cstackBANK0  000000
__HcstackCOMRAM             cstackCOMRAM 000000
__Hdata                     data         000000
__HdataCOMRAM               dataCOMRAM   000000
__Heeprom_data              eeprom_data  000000
__Hfarbss                   farbss       000000
__Hfardata                  fardata      000000
__Hheap                     heap         000000
__Hibigdata                 ibigdata     000000
__Hidata                    idata        000000
__HidataCOMRAM              idataCOMRAM  000000
__Hidloc                    idloc        200008
__Hifardata                 ifardata     000000
__Hinit                     init         000164
__Hintcode                  intcode      00000C
__Hintcode_body             intcode_body 000000
__Hintcodelo                intcodelo    00015C
__Hintentry                 intentry     000000
__Hintret                   intret       000000
__Hintsave_regs             intsave_regs 000000
__Hirdata                   irdata       000000
__Hmediumconst              mediumconst  010000
__HnvFARRAM                 nvFARRAM     000000
__Hnvbit                    nvbit        000000
__Hnvrram                   nvrram       000000
__Hparam                    rparam       000000
__Hpowerup                  powerup      00015C
__Hram                      ram          000000
__Hramtop                   ramtop       001000
__Hrbit                     rbit         000000
__Hrbss                     rbss         000000
__Hrdata                    rdata        000000
__Hreset_vec                reset_vec    000004
__Hrparam                   rparam       000000
__Hsfr                      sfr          000000
__Hsmallconst               smallconst   000000
__Hspace_0                  (abs)        010000
__Hspace_1                  (abs)        0000FE
__Hspace_2                  (abs)        000F38
__Hspace_4                  (abs)        60000E
__Hstack                    stack        000F38
__Hstruct                   struct       000000
__Htemp                     temp         000021
__Htext                     text         000000
__Htext0                    text0        000000
__Htext1                    text1        000000
__Htext10                   text10       000000
__Htext11                   text11       000000
__Htext12                   text12       000000
__Htext13                   text13       000000
__Htext14                   text14       000000
__Htext15                   text15       000000
__Htext16                   text16       000000
__Htext17                   text17       000000
__Htext18                   text18       000000
__Htext19                   text19       000000
__Htext2                    text2        000000
__Htext20                   text20       000000
__Htext21                   text21       000000
__Htext22                   text22       000000
__Htext23                   text23       000000
__Htext24                   text24       000000
__Htext25                   text25       000000
__Htext26                   text26       000000
__Htext27                   text27       000000
__Htext28                   text28       000000
__Htext29                   text29       000000
__Htext3                    text3        000000
__Htext30                   text30       000000
__Htext31                   text31       000000
__Htext32                   text32       000000
__Htext33                   text33       000000
__Htext34                   text34       000000
__Htext35                   text35       000000
__Htext36                   text36       000000
__Htext37                   text37       000000
__Htext38                   text38       000000
__Htext39                   text39       000000
__Htext4                    text4        000000
__Htext40                   text40       000000
__Htext41                   text41       000000
__Htext42                   text42       000000
__Htext43                   text43       000000
__Htext44                   text44       000000
__Htext45                   text45       000000
__Htext46                   text46       000000
__Htext47                   text47       000000
__Htext48                   text48       000000
__Htext49                   text49       000000
__Htext5                    text5        000000
__Htext50                   text50       000000
__Htext52                   text52       000000
__Htext53                   text53       000000
__Htext55                   text55       000000
__Htext56                   text56       000000
__Htext6                    text6        000000
__Htext7                    text7        000000
__Htext8                    text8        000000
__Htext9                    text9        000000
__LRAM                      (abs)        000001
__L__absolute__             __absolute__ 000000
__Labs1                     abs1         000000
__Lbank0                    bank0        000000
__Lbank1                    bank1        000000
__Lbank10                   bank10       000000
__Lbank11                   bank11       000000
__Lbank12                   bank12       000000
__Lbank13                   bank13       000000
__Lbank14                   bank14       000000
__Lbank15                   bank15       000000
__Lbank2                    bank2        000000
__Lbank3                    bank3        000000
__Lbank4                    bank4        000000
__Lbank5                    bank5        000000
__Lbank6                    bank6        000000
__Lbank7                    bank7        000000
__Lbank8                    bank8        000000
__Lbank9                    bank9        000000
__Lbigbss                   bigbss       000000
__Lbigdata                  bigdata      000000
__Lbigram                   bigram       000000
__Lbigsfr                   bigsfr       000000
__Lbss                      bss          000000
__LbssBANK0                 bssBANK0     000000
__LbssCOMRAM                bssCOMRAM    000000
__Lcinit                    cinit        000000
__Lclrtext                  clrtext      000000
__Lcomram                   comram       000000
__Lconfig                   config       000000
__Lconst                    const        000000
__LcstackBANK0              cstackBANK0  000000
__LcstackCOMRAM             cstackCOMRAM 000000
__Ldata                     data         000000
__LdataCOMRAM               dataCOMRAM   000000
__Leeprom_data              eeprom_data  000000
__Lfarbss                   farbss       000000
__Lfardata                  fardata      000000
__Lheap                     heap         000000
__Libigdata                 ibigdata     000000
__Lidata                    idata        000000
__LidataCOMRAM              idataCOMRAM  000000
__Lidloc                    idloc        000000
__Lifardata                 ifardata     000000
__Linit                     init         00015C
__Lintcode                  intcode      000008
__Lintcode_body             intcode_body 000000
__Lintcodelo                intcodelo    000018
__Lintentry                 intentry     000000
__Lintret                   intret       000000
__Lintsave_regs             intsave_regs 000000
__Lirdata                   irdata       000000
__Lmediumconst              mediumconst  00FE48
__LnvFARRAM                 nvFARRAM     000000
__Lnvbit                    nvbit        000000
__Lnvrram                   nvrram       000000
__Lparam                    rparam       000000
__Lpowerup                  powerup      00015C
__Lram                      ram          000000
__Lramtop                   ramtop       001000
__Lrbit                     rbit         000000
__Lrbss                     rbss         000000
__Lrdata                    rdata        000000
__Lreset_vec                reset_vec    000000
__Lrparam                   rparam       000000
__Lsfr                      sfr          000000
__Lsmallconst               smallconst   000000
__Lspace_0                  (abs)        000000
__Lspace_1                  (abs)        000000
__Lspace_2                  (abs)        000000
__Lspace_4                  (abs)        000000
__Lstack                    stack        0000FE
__Lstruct                   struct       000000
__Ltemp                     temp         000001
__Ltext                     text         000000
__Ltext0                    text0        000000
__Ltext1                    text1        000000
__Ltext10                   text10       000000
__Ltext11                   text11       000000
__Ltext12                   text12       000000
__Ltext13                   text13       000000
__Ltext14                   text14       000000
__Ltext15                   text15       000000
__Ltext16                   text16       000000
__Ltext17                   text17       000000
__Ltext18                   text18       000000
__Ltext19                   text19       000000
__Ltext2                    text2        000000
__Ltext20                   text20       000000
__Ltext21                   text21       000000
__Ltext22                   text22       000000
__Ltext23                   text23       000000
__Ltext24                   text24       000000
__Ltext25                   text25       000000
__Ltext26                   text26       000000
__Ltext27                   text27       000000
__Ltext28                   text28       000000
__Ltext29                   text29       000000
__Ltext3                    text3        000000
__Ltext30                   text30       000000
__Ltext31                   text31       000000
__Ltext32                   text32       000000
__Ltext33                   text33       000000
__Ltext34                   text34       000000
__Ltext35                   text35       000000
__Ltext36                   text36       000000
__Ltext37                   text37       000000
__Ltext38                   text38       000000
__Ltext39                   text39       000000
__Ltext4                    text4        000000
__Ltext40                   text40       000000
__Ltext41                   text41       000000
__Ltext42                   text42       000000
__Ltext43                   text43       000000
__Ltext44                   text44       000000
__Ltext45                   text45       000000
__Ltext46                   text46       000000
__Ltext47                   text47       000000
__Ltext48                   text48       000000
__Ltext49                   text49       000000
__Ltext5                    text5        000000
__Ltext50                   text50       000000
__Ltext52                   text52       000000
__Ltext53                   text53       000000
__Ltext55                   text55       000000
__Ltext56                   text56       000000
__Ltext6                    text6        000000
__Ltext7                    text7        000000
__Ltext8                    text8        000000
__Ltext9                    text9        000000
__S0                        (abs)        010000
__S1                        (abs)        0000FE
__S2                        (abs)        000F38
__S4                        (abs)        000000
__S5                        (abs)        000000
___fladd                    text42       0010EE
___fldiv                    text47       002228
___fleq                     text46       0041F2
___flge                     text45       003992
___flmul                    text44       0019D2
___flneg                    text43       0051D6
___flsub                    text41       0052E0
___fltol                    text40       003658
___fpclassifyf              text39       003800
___fpclassifyf@F465         bssCOMRAM    00002D
___heap_hi                  (abs)        000000
___heap_lo                  (abs)        000000
___inthi_sp                 stack        0005BC
___intlo_sp                 stack        000A7A
___param_bank               (abs)        000000
___rparam_used              (abs)        000001
___sp                       stack        0000FE
___xxtofl                   text21       003000
__accesstop                 (abs)        000060
__activetblptr              (abs)        000003
__end_of_HIGH_ISR           intcode_body 003D98
__end_of_LCD_Clear          text22       0051D6
__end_of_LCD_Init           text8        0041F2
__end_of_LCD_Send           text50       00536C
__end_of_LCD_ShowString     text49       004496
__end_of_LOW_ISR            intcodelo    00015C
__end_of___fladd            text42       0019D2
__end_of___fldiv            text47       00284E
__end_of___fleq             text46       0042D6
__end_of___flge             text45       003B18
__end_of___flmul            text44       002228
__end_of___flneg            text43       005220
__end_of___flsub            text41       005316
__end_of___fltol            text40       003800
__end_of___fpclassifyf      text39       003992
__end_of___xxtofl           text21       003260
__end_of__initialization    cinit        00529C
__end_of_adc_init           text7        00538A
__end_of_adc_read           text20       0050E4
__end_of_bsp_drive_led      text18       00464E
__end_of_bsp_init           text6        005088
__end_of_bsp_reg_RC_cb      text5        0053FE
__end_of_bsp_set_timeout    text48       005344
__end_of_efgtoa             text30       0010EE
__end_of_floorf             text38       003000
__end_of_fputc              text34       003EC0
__end_of_fputs              text33       004E3C
__end_of_fsm_add_event      text52       0053EC
__end_of_fsm_dispatch       text10       005264
__end_of_fsm_get_event      text3        0053A6
__end_of_fsm_init           text2        0052E0
__end_of_fsm_transition     text9        00518A
__end_of_get_evt            text4        0040EE
__end_of_init               text16       004DAA
__end_of_labs               text37       004FBE
__end_of_main               text0        004BC2
__end_of_memcpy             text36       0043B8
__end_of_pad                text32       0048C6
__end_of_pot_state          text11       003C6C
__end_of_printf             text23       00513A
__end_of_putch              text35       0053D6
__end_of_rc_isr_handle      text55       005028
__end_of_read_prec_or_width text29       003FDE
__end_of_sprintf            text19       0047F8
__end_of_state1             text15       004B0E
__end_of_state2             text14       004572
__end_of_state3             text13       004728
__end_of_state4             text12       004A58
__end_of_stoa               text27       003478
__end_of_strcpy             text31       004D14
__end_of_strlen             text28       004F42
__end_of_strncmp            text26       003658
__end_of_uart_init          text1        0053BE
__end_of_uart_state         text17       004990
__end_of_vfpfcnvrt          text25       002CC4
__end_of_vfprintf           text24       004EC6
__end_of_write_evt          text53       004C6E
__initialization            cinit        005264
__mediumconst               mediumconst  00FE48
__pbssBANK0                 bssBANK0     000060
__pbssCOMRAM                bssCOMRAM    000021
__pcinit                    cinit        005264
__pcstackBANK0              cstackBANK0  0000F3
__pcstackCOMRAM             cstackCOMRAM 00003C
__pdataCOMRAM               dataCOMRAM   000047
__pidataCOMRAM              idataCOMRAM  0053FE
__pintcode                  intcode      000008
__pintcode_body             intcode_body 003C6C
__pintcodelo                intcodelo    000018
__pmediumconst              mediumconst  00FE48
__ptext0                    text0        004B0E
__ptext1                    text1        0053A6
__ptext10                   text10       005220
__ptext11                   text11       003B18
__ptext12                   text12       004990
__ptext13                   text13       00464E
__ptext14                   text14       004496
__ptext15                   text15       004A58
__ptext16                   text16       004D14
__ptext17                   text17       0048C6
__ptext18                   text18       004572
__ptext19                   text19       004728
__ptext2                    text2        0052A2
__ptext20                   text20       005088
__ptext21                   text21       003000
__ptext22                   text22       00518A
__ptext23                   text23       0050E4
__ptext24                   text24       004E3C
__ptext25                   text25       00284E
__ptext26                   text26       003478
__ptext27                   text27       003260
__ptext28                   text28       004EC6
__ptext29                   text29       003EC0
__ptext3                    text3        00538A
__ptext30                   text30       000164
__ptext31                   text31       004C6E
__ptext32                   text32       0047F8
__ptext33                   text33       004DAA
__ptext34                   text34       003D98
__ptext35                   text35       0053BE
__ptext36                   text36       0042D6
__ptext37                   text37       004F42
__ptext38                   text38       002CC4
__ptext39                   text39       003800
__ptext4                    text4        003FDE
__ptext40                   text40       003658
__ptext41                   text41       0052E0
__ptext42                   text42       0010EE
__ptext43                   text43       0051D6
__ptext44                   text44       0019D2
__ptext45                   text45       003992
__ptext46                   text46       0041F2
__ptext47                   text47       002228
__ptext48                   text48       005316
__ptext49                   text49       0043B8
__ptext5                    text5        0053EC
__ptext50                   text50       005344
__ptext52                   text52       0053D6
__ptext53                   text53       004BC2
__ptext55                   text55       004FBE
__ptext56                   text56       000000
__ptext6                    text6        005028
__ptext7                    text7        00536C
__ptext8                    text8        0040EE
__ptext9                    text9        00513A
__ramtop                    ramtop       001000
__smallconst                smallconst   000000
_adc_init                   text7        00536C
_adc_read                   text20       005088
_bsp_drive_led              text18       004572
_bsp_init                   text6        005028
_bsp_reg_RC_cb              text5        0053EC
_bsp_set_timeout            text48       005316
_bsp_timeout                bssCOMRAM    000031
_buttons                    bssCOMRAM    000021
_dbuf                       bssBANK0     000060
_efgtoa                     text30       000164
_event_queue                bssBANK0     0000B0
_floorf                     text38       002CC4
_fputc                      text34       003D98
_fputs                      text33       004DAA
_fsm_add_event              text52       0053D6
_fsm_dispatch               text10       005220
_fsm_get_event              text3        00538A
_fsm_init                   text2        0052A2
_fsm_transition             text9        00513A
_get_evt                    text4        003FDE
_init                       text16       004D14
_labs                       text37       004F42
_main                       text0        004B0E
_memcpy                     text36       0042D6
_msg                        bssBANK0     0000D2
_pad                        text32       0047F8
_pot_state                  text11       003B18
_prec                       bssCOMRAM    000037
_printf                     text23       0050E4
_putch                      text35       0053BE
_rc_isr_handle              text55       004FBE
_read_prec_or_width         text29       003EC0
_sprintf                    text19       004728
_state1                     text15       004A58
_state2                     text14       004496
_state3                     text13       00464E
_state4                     text12       004990
_stoa                       text27       003260
_strcpy                     text31       004C6E
_strlen                     text28       004EC6
_strncmp                    text26       003478
_uart_init                  text1        0053A6
_uart_state                 text17       0048C6
_vfpfcnvrt                  text25       00284E
_vfprintf                   text24       004E3C
_width                      bssCOMRAM    000035
_write_evt                  text53       004BC2
btemp                       temp         000001
end_of_initialization       cinit        00529C
floorf@F526                 bssCOMRAM    000029
int_func                    intcode_body 003C6C
intlevel0                   text         000000
intlevel1                   text         000000
intlevel2                   text         000000
intlevel3                   text         000000
isa$std                     (abs)        000001
isa$xinst                   (abs)        000000
lltemp0                     temp         000001
lltemp1                     temp         000009
lltemp2                     temp         000011
lltemp3                     temp         000019
ltemp0                      temp         000001
ltemp1                      temp         000005
ltemp2                      temp         000009
stackhi                     (abs)        000F37
stacklo                     (abs)        0000FE
start                       init         00015C
start_initialization        cinit        005264
state1@leds                 bssCOMRAM    00003B
stoa@F1170                  dataCOMRAM   000047
ttemp0                      temp         000001
ttemp1                      temp         000004
ttemp2                      temp         000007
ttemp3                      temp         00000A
ttemp5                      temp         000002
ttemp6                      temp         000005
ttemp7                      temp         000009
wtemp0                      temp         000001
wtemp1                      temp         000003
wtemp2                      temp         000005
wtemp3                      temp         000007
wtemp4                      temp         000009
wtemp5                      temp         00000B
wtemp8                      temp         000002


MODULE INFORMATION

Module		Function		Class		Link	Load	Size
C:\Program Files\Microchip\xc8\v2.41\pic\sources\c99\common\__fpclassifyf.c
		___fpclassifyf 		CODE           	3800	0000	402

C:\Program Files\Microchip\xc8\v2.41\pic\sources\c99\common\__fpclassifyf.c estimated size: 402

fsm.c
		_fsm_add_event 		CODE           	53D6	0000	22
		_fsm_init      		CODE           	52A2	0000	62
		_fsm_transition		CODE           	513A	0000	80
		_fsm_get_event 		CODE           	538A	0000	28
		_fsm_dispatch  		CODE           	5220	0000	68

fsm.c estimated size: 260

C:\Program Files\Microchip\xc8\v2.41\pic\sources\c99\common\floorf.c
		_floorf        		CODE           	2CC4	0000	828

C:\Program Files\Microchip\xc8\v2.41\pic\sources\c99\common\floorf.c estimated size: 828

C:\Program Files\Microchip\xc8\v2.41\pic\sources\c99\common\flge.c
		___flge        		CODE           	3992	0000	390

C:\Program Files\Microchip\xc8\v2.41\pic\sources\c99\common\flge.c estimated size: 390

C:\Program Files\Microchip\xc8\v2.41\pic\sources\c99\common\fltol.c
		___fltol       		CODE           	3658	0000	424

C:\Program Files\Microchip\xc8\v2.41\pic\sources\c99\common\fltol.c estimated size: 424

uart.c
		_putch         		CODE           	53BE	0000	24
		_uart_init     		CODE           	53A6	0000	24

uart.c estimated size: 48

C:\Program Files\Microchip\xc8\v2.41\pic\sources\c99\common\xxtofl.c
		___xxtofl      		CODE           	3000	0000	608

C:\Program Files\Microchip\xc8\v2.41\pic\sources\c99\common\xxtofl.c estimated size: 608

C:\Program Files\Microchip\xc8\v2.41\pic\sources\c99\common\strlen.c
		_strlen        		CODE           	4EC6	0000	124

C:\Program Files\Microchip\xc8\v2.41\pic\sources\c99\common\strlen.c estimated size: 124

C:\Program Files\Microchip\xc8\v2.41\pic\sources\c99\common\nf_fputc.c
		_fputc         		CODE           	3D98	0000	296

C:\Program Files\Microchip\xc8\v2.41\pic\sources\c99\common\nf_fputc.c estimated size: 296

C:\Program Files\Microchip\xc8\v2.41\pic\sources\c99\common\strcpy.c
		_strcpy        		CODE           	4C6E	0000	166

C:\Program Files\Microchip\xc8\v2.41\pic\sources\c99\common\strcpy.c estimated size: 166

C:\Program Files\Microchip\xc8\v2.41\pic\sources\c99\common\nf_sprintf.c
		_sprintf       		CODE           	4728	0000	208

C:\Program Files\Microchip\xc8\v2.41\pic\sources\c99\common\nf_sprintf.c estimated size: 208

C:\Program Files\Microchip\xc8\v2.41\pic\sources\c99\common\sprcadd.c
		___flsub       		CODE           	52E0	0000	54
		___fladd       		CODE           	10EE	0000	2276

C:\Program Files\Microchip\xc8\v2.41\pic\sources\c99\common\sprcadd.c estimated size: 2330

C:\Program Files\Microchip\xc8\v2.41\pic\sources\c99\common\doprnt.c
		_read_prec_or_width		CODE           	3EC0	0000	286
		_vfpfcnvrt     		CODE           	284E	0000	1142
		_efgtoa        		CODE           	0164	0000	3978
		_pad           		CODE           	47F8	0000	206
		_vfprintf      		CODE           	4E3C	0000	138
		_stoa          		CODE           	3260	0000	536

C:\Program Files\Microchip\xc8\v2.41\pic\sources\c99\common\doprnt.c estimated size: 6286

main_menu.c
		_uart_state    		CODE           	48C6	0000	202
		_rc_isr_handle 		CODE           	4FBE	0000	106
		_init          		CODE           	4D14	0000	150
		_state1        		CODE           	4A58	0000	182
		_state4        		CODE           	4990	0000	200
		_pot_state     		CODE           	3B18	0000	340
		_main          		CODE           	4B0E	0000	180
		_state2        		CODE           	4496	0000	220
		_state3        		CODE           	464E	0000	218

main_menu.c estimated size: 1798

adc.c
		_adc_read      		CODE           	5088	0000	92
		_adc_init      		CODE           	536C	0000	30

adc.c estimated size: 122

C:\Program Files\Microchip\xc8\v2.41\pic\sources\c99\common\flneg.c
		___flneg       		CODE           	51D6	0000	74

C:\Program Files\Microchip\xc8\v2.41\pic\sources\c99\common\flneg.c estimated size: 74

C:\Program Files\Microchip\xc8\v2.41\pic\sources\c99\common\fleq.c
		___fleq        		CODE           	41F2	0000	228

C:\Program Files\Microchip\xc8\v2.41\pic\sources\c99\common\fleq.c estimated size: 228

shared
		__initialization		CODE           	5264	0000	56

shared estimated size: 56

C:\Program Files\Microchip\xc8\v2.41\pic\sources\c99\common\memcpy.c
		_memcpy        		CODE           	42D6	0000	226

C:\Program Files\Microchip\xc8\v2.41\pic\sources\c99\common\memcpy.c estimated size: 226

lcd.c
		_LCD_Init      		CODE           	40EE	0000	260
		_LCD_Send      		CODE           	5344	0000	40
		_LCD_ShowString		CODE           	43B8	0000	222
		_LCD_Clear     		CODE           	518A	0000	76

lcd.c estimated size: 598

C:\Program Files\Microchip\xc8\v2.41\pic\sources\c99\common\nf_fputs.c
		_fputs         		CODE           	4DAA	0000	146

C:\Program Files\Microchip\xc8\v2.41\pic\sources\c99\common\nf_fputs.c estimated size: 146

bsp.c
		_LOW_ISR       		CODE           	0018	0000	324
		_HIGH_ISR      		CODE           	0008	0000	304
		_bsp_drive_led 		CODE           	4572	0000	220
		_bsp_set_timeout		CODE           	5316	0000	46
		_bsp_init      		CODE           	5028	0000	96
		_bsp_reg_RC_cb 		CODE           	53EC	0000	18

bsp.c estimated size: 1008

C:\Program Files\Microchip\xc8\v2.41\pic\sources\c99\common\labs.c
		_labs          		CODE           	4F42	0000	124

C:\Program Files\Microchip\xc8\v2.41\pic\sources\c99\common\labs.c estimated size: 124

C:\Program Files\Microchip\xc8\v2.41\pic\sources\c99\common\strncmp.c
		_strncmp       		CODE           	3478	0000	480

C:\Program Files\Microchip\xc8\v2.41\pic\sources\c99\common\strncmp.c estimated size: 480

C:\Program Files\Microchip\xc8\v2.41\pic\sources\c99\common\sprcmul.c
		___flmul       		CODE           	19D2	0000	2134

C:\Program Files\Microchip\xc8\v2.41\pic\sources\c99\common\sprcmul.c estimated size: 2134

C:\Program Files\Microchip\xc8\v2.41\pic\sources\c99\common\printf.c
		_printf        		CODE           	50E4	0000	86

C:\Program Files\Microchip\xc8\v2.41\pic\sources\c99\common\printf.c estimated size: 86

evt_queue.c
		_get_evt       		CODE           	3FDE	0000	272
		_write_evt     		CODE           	4BC2	0000	172

evt_queue.c estimated size: 444

C:\Program Files\Microchip\xc8\v2.41\pic\sources\c99\common\sprcdiv.c
		___fldiv       		CODE           	2228	0000	1574

C:\Program Files\Microchip\xc8\v2.41\pic\sources\c99\common\sprcdiv.c estimated size: 1574

