Microchip MPLAB XC8 Compiler V2.41

Linker command line:

-W-3 \
  --edf=C:/Program Files/Microchip/MPLABX/v6.20/packs/Microchip/PIC18F-K_DFP/1.13.292/xc8\pic\dat\20231012153220_en.msgs \
  -cn -h+dist/default/production\rev_projekt.X.production.sym \
  --cmf=dist/default/production\rev_projekt.X.production.cmf -z -Q18F46K22 \
  -oC:\Users\oggys\AppData\Local\Temp\xcAsnrs.\driver_tmp_3.o \
  --defsym=__MPLAB_BUILD=1 --fixupoverflow=error \
  -Mdist/default/production/rev_projekt.X.production.map \
  --md=C:\Users\oggys\AppData\Local\Temp\xcAsnrs.\driver_tmp_0.dat -E1 \
  -ver=XC8 Compiler --acfsm=1493 -ASTACK=0150h-0F37h -pstack=STACK \
  -ACODE=00h-0FFFFh -ACONST=00h-0FFFFh -ASMALLCONST=01000h-010FFhx240 \
  -AMEDIUMCONST=01000h-0FFFFh -ACOMRAM=01h-05Fh -AABS1=00h-0F37h \
  -ABIGRAM=01h-0F37h -ARAM=060h-0FFh,0100h-01FFhx14,0F00h-0F37h \
  -ABANK0=060h-0FFh -ABANK1=0100h-01FFh -ABANK2=0200h-02FFh \
  -ABANK3=0300h-03FFh -ABANK4=0400h-04FFh -ABANK5=0500h-05FFh \
  -ABANK6=0600h-06FFh -ABANK7=0700h-07FFh -ABANK8=0800h-08FFh \
  -ABANK9=0900h-09FFh -ABANK10=0A00h-0AFFh -ABANK11=0B00h-0BFFh \
  -ABANK12=0C00h-0CFFh -ABANK13=0D00h-0DFFh -ABANK14=0E00h-0EFFh \
  -ABANK15=0F00h-0F37h -ASFR=0F38h-0F5Fh,0F60h-0FFFh -ABIGSFR=0F38h-0FFFh \
  -ACONFIG=0300000h-030000Dh -AIDLOC=0200000h-0200007h \
  -AEEDATA=0F00000h-0F003FFh -peeprom_data=EEDATA \
  -preset_vec=00h,intcode=08h,intcodelo=018h,powerup,init -pramtop=01000h \
  -psmallconst=SMALLCONST -pmediumconst=MEDIUMCONST -pconst=CONST \
  -AFARRAM=00h-00h \
  -prdata=COMRAM,nvrram=COMRAM,nvbit=COMRAM,rbss=COMRAM,rbit=COMRAM \
  -pfarbss=FARRAM,fardata=FARRAM,nvFARRAM=FARRAM \
  -pintsave_regs=BIGRAM,bigbss=BIGRAM,bigdata=BIGRAM -pbss=RAM \
  -pidata=CODE,irdata=CODE,ibigdata=CODE,ifardata=CODE -prparam=COMRAM \
  C:\Users\oggys\AppData\Local\Temp\xcAsnrs.\driver_tmp_14.o \
  dist/default/production\rev_projekt.X.production.o 

Object code version is 3.11

Machine type is 18F46K22



                Name                               Link     Load   Length Selector   Space Scale
C:\Users\oggys\AppData\Local\Temp\xcAsnrs.\driver_tmp_14.o
                stack                               150      150      DE8      150       2
                idloc                            200000   200000        8        0       5
                config                           300000   300000        E        0       4
                init                                15C      15C        8        C       0
                reset_vec                             0        0        4        0       0
dist/default/production\rev_projekt.X.production.o
                intcodelo                            18       18      144        C       0
                intcode                               8        8        4        4       0
                idloc                            200000   200000        8        0       5
                config                           300000   300000        E        0       4
                temp                                  1        1       20        1       1
                mediumconst                        FBCC     FBCC      434     7DE6       0
                text70                             5F74     5F74       76        C       0
                intcode_body                       434E     434E      12C        C       0
                text68                             5B68     5B68       AC        C       0
                text67                             6478     6478       16        C       0
                text65                             63C2     63C2       28        C       0
                text64                             61FC     61FC       4C        C       0
                text63                             535C     535C       DE        C       0
                text62                             3378     3378      260        C       0
                text61                             60AE     60AE       5C        C       0
                text60                             4088     4088      17C        C       0
                text59                             4204     4204      14A        C       0
                text58                             61B0     61B0       4C        C       0
                text57                             6460     6460       18        C       0
                text56                             447A     447A      128        C       0
                text55                             5D60     5D60       92        C       0
                text54                             5796     5796       CE        C       0
                text53                             30F2     30F2      286        C       0
                text52                             2228     2228      626        C       0
                text51                             50B4     50B4       E4        C       0
                text50                             3F02     3F02      186        C       0
                text49                             19D2     19D2      856        C       0
                text48                             6292     6292       4A        C       0
                text47                             10EE     10EE      8E4        C       0
                text46                             635E     635E       36        C       0
                text45                             3BC8     3BC8      1A8        C       0
                text44                             3D70     3D70      192        C       0
                text43                             2DB6     2DB6      33C        C       0
                text42                             5EF8     5EF8       7C        C       0
                text41                             527A     527A       E2        C       0
                text40                             5CBA     5CBA       A6        C       0
                text39                              164      164      F8A        C       0
                text38                             47E4     47E4      11E        C       0
                text37                             5E7C     5E7C       7C        C       0
                text36                             35D8     35D8      218        C       0
                text35                             39E8     39E8      1E0        C       0
                text34                             284E     284E      568        C       0
                text33                             5DF2     5DF2       8A        C       0
                text32                             610A     610A       56        C       0
                text31                             56C6     56C6       D0        C       0
                text30                             543A     543A       DC        C       0
                text29                             6394     6394       2E        C       0
                text28                             5516     5516       DA        C       0
                text27                             5FEA     5FEA       64        C       0
                text26                             63EA     63EA       24        C       0
                text25                             46C6     46C6      11E        C       0
                text24                             59F4     59F4       C6        C       0
                text23                             592C     592C       C8        C       0
                text22                             4FCA     4FCA       EA        C       0
                text21                             5198     5198       E2        C       0
                text20                             4EE0     4EE0       EA        C       0
                text19                             4DF6     4DF6       EA        C       0
                text18                             55F0     55F0       D6        C       0
                text17                             4D0C     4D0C       EA        C       0
                text16                             37F0     37F0      1F8        C       0
                text15                             4C22     4C22       EA        C       0
                text14                             5ABA     5ABA       AE        C       0
                text13                             5864     5864       C8        C       0
                text12                             45A2     45A2      124        C       0
                text11                             5C14     5C14       A6        C       0
                text10                             62DC     62DC       44        C       0
                text9                              6160     6160       50        C       0
                text8                              4B1E     4B1E      104        C       0
                text7                              640E     640E       1E        C       0
                text6                              604E     604E       60        C       0
                text5                              648E     648E       12        C       0
                text4                              4902     4902      110        C       0
                text3                              642C     642C       1C        C       0
                text2                              6320     6320       3E        C       0
                text1                              6448     6448       18        C       0
                text0                              4A12     4A12      10C        C       0
                cstackCOMRAM                         40       40        B        1       1
                cstackBANK0                          C8       C8        B       60       1
                bssBANK1                            100      100       50      100       1
                bssBANK0                             60       60       68       60       1
                dataCOMRAM                           4B       4B        7        1       1
                bssCOMRAM                            21       21       1F        1       1
                cinit                              6248     6248       4A        C       0
                idataCOMRAM                        64A0     64A0        7        C       0

TOTAL           Name                               Link     Load   Length     Space
        CLASS   STACK          
                stack                               150      150      DE8         2

        CLASS   CODE           
                intcodelo                            18       18      144         0
                intcode                               8        8        4         0
                init                                15C      15C        8         0
                reset_vec                             0        0        4         0
                text70                             5F74     5F74       76         0
                intcode_body                       434E     434E      12C         0
                text68                             5B68     5B68       AC         0
                text67                             6478     6478       16         0
                text65                             63C2     63C2       28         0
                text64                             61FC     61FC       4C         0
                text63                             535C     535C       DE         0
                text62                             3378     3378      260         0
                text61                             60AE     60AE       5C         0
                text60                             4088     4088      17C         0
                text59                             4204     4204      14A         0
                text58                             61B0     61B0       4C         0
                text57                             6460     6460       18         0
                text56                             447A     447A      128         0
                text55                             5D60     5D60       92         0
                text54                             5796     5796       CE         0
                text53                             30F2     30F2      286         0
                text52                             2228     2228      626         0
                text51                             50B4     50B4       E4         0
                text50                             3F02     3F02      186         0
                text49                             19D2     19D2      856         0
                text48                             6292     6292       4A         0
                text47                             10EE     10EE      8E4         0
                text46                             635E     635E       36         0
                text45                             3BC8     3BC8      1A8         0
                text44                             3D70     3D70      192         0
                text43                             2DB6     2DB6      33C         0
                text42                             5EF8     5EF8       7C         0
                text41                             527A     527A       E2         0
                text40                             5CBA     5CBA       A6         0
                text39                              164      164      F8A         0
                text38                             47E4     47E4      11E         0
                text37                             5E7C     5E7C       7C         0
                text36                             35D8     35D8      218         0
                text35                             39E8     39E8      1E0         0
                text34                             284E     284E      568         0
                text33                             5DF2     5DF2       8A         0
                text32                             610A     610A       56         0
                text31                             56C6     56C6       D0         0
                text30                             543A     543A       DC         0
                text29                             6394     6394       2E         0
                text28                             5516     5516       DA         0
                text27                             5FEA     5FEA       64         0
                text26                             63EA     63EA       24         0
                text25                             46C6     46C6      11E         0
                text24                             59F4     59F4       C6         0
                text23                             592C     592C       C8         0
                text22                             4FCA     4FCA       EA         0
                text21                             5198     5198       E2         0
                text20                             4EE0     4EE0       EA         0
                text19                             4DF6     4DF6       EA         0
                text18                             55F0     55F0       D6         0
                text17                             4D0C     4D0C       EA         0
                text16                             37F0     37F0      1F8         0
                text15                             4C22     4C22       EA         0
                text14                             5ABA     5ABA       AE         0
                text13                             5864     5864       C8         0
                text12                             45A2     45A2      124         0
                text11                             5C14     5C14       A6         0
                text10                             62DC     62DC       44         0
                text9                              6160     6160       50         0
                text8                              4B1E     4B1E      104         0
                text7                              640E     640E       1E         0
                text6                              604E     604E       60         0
                text5                              648E     648E       12         0
                text4                              4902     4902      110         0
                text3                              642C     642C       1C         0
                text2                              6320     6320       3E         0
                text1                              6448     6448       18         0
                text0                              4A12     4A12      10C         0
                cinit                              6248     6248       4A         0
                idataCOMRAM                        64A0     64A0        7         0

        CLASS   CONST          

        CLASS   SMALLCONST     

        CLASS   MEDIUMCONST    
                mediumconst                        FBCC     FBCC      434         0

        CLASS   COMRAM         
                temp                                  1        1       20         1
                cstackCOMRAM                         40       40        B         1
                dataCOMRAM                           4B       4B        7         1
                bssCOMRAM                            21       21       1F         1

        CLASS   ABS1           

        CLASS   BIGRAM         

        CLASS   RAM            

        CLASS   BANK0          
                cstackBANK0                          C8       C8        B         1
                bssBANK0                             60       60       68         1

        CLASS   BANK1          
                bssBANK1                            100      100       50         1

        CLASS   BANK2          

        CLASS   BANK3          

        CLASS   BANK4          

        CLASS   BANK5          

        CLASS   BANK6          

        CLASS   BANK7          

        CLASS   BANK8          

        CLASS   BANK9          

        CLASS   BANK10         

        CLASS   BANK11         

        CLASS   BANK12         

        CLASS   BANK13         

        CLASS   BANK14         

        CLASS   BANK15         

        CLASS   SFR            

        CLASS   BIGSFR         

        CLASS   CONFIG         
                config                           300000   300000        E         4

        CLASS   IDLOC          
                idloc                            200000   200000        8         5

        CLASS   EEDATA         

        CLASS   FARRAM         

        CLASS   HEAP           



SEGMENTS        Name                           Load    Length   Top    Selector   Space  Class

                reset_vec                      000000  000004  000004         0       0  CODE    
                temp                           000001  000051  000052         1       1  COMRAM  
                intcode                        000008  000004  00000C         4       0  CODE    
                intcodelo                      000018  00648F  0064A7         C       0  CODE    
                bssBANK0                       000060  000073  0000D3        60       1  BANK0   
                bssBANK1                       000100  000050  000150       100       1  BANK1   
                stack                          000150  000DE8  000F38       150       2  STACK   
                mediumconst                    00FBCC  000434  010000      7DE6       0  MEDIUMCO


UNUSED ADDRESS RANGES

        Name                Unused          Largest block    Delta
        BANK0            0000D3-0000FF               2D
        BANK1            000150-0001FF               B0
        BANK10           000A00-000AFF              100
        BANK11           000B00-000BFF              100
        BANK12           000C00-000CFF              100
        BANK13           000D00-000DFF              100
        BANK14           000E00-000EFF              100
        BANK15           000F00-000F37               38
        BANK2            000200-0002FF              100
        BANK3            000300-0003FF              100
        BANK4            000400-0004FF              100
        BANK5            000500-0005FF              100
        BANK6            000600-0006FF              100
        BANK7            000700-0007FF              100
        BANK8            000800-0008FF              100
        BANK9            000900-0009FF              100
        BIGRAM           000052-00005F                E
                         0000D3-0000FF               2D
                         000150-000F37              DE8
        BIGSFR           000F38-000FFF               C8
        CODE             000004-000007                4
                         00000C-000017                C
                         0064A7-00FBCB             9725
        COMRAM           000052-00005F                E
        CONST            000004-000007                4
                         00000C-000017                C
                         0064A7-00FBCB             9725
        EEDATA           F00000-F003FF              400
        MEDIUMCONST      0064A7-00FBCB             9725
        RAM              0000D3-0000FF               2D
                         000150-000F37              100
        SFR              000F38-000FFF               28
        SMALLCONST       0064A7-00FBCB              100

                                  Symbol Table

_ADCON0bits                 (abs)        000FC2
_ADCON2bits                 (abs)        000FC0
_ADRESH                     (abs)        000FC4
_ADRESL                     (abs)        000FC3
_ANSELA                     (abs)        000F38
_ANSELCbits                 (abs)        000F3A
_ANSELDbits                 (abs)        000F3B
_ANSELE                     (abs)        000F3C
_CCP1CONbits                (abs)        000FBD
_CCPR1L                     (abs)        000FBE
_CCPTMRS0bits               (abs)        000F49
_GIE                        (abs)        007F97
_GIEH                       (abs)        007F97
_GIEL                       (abs)        007F96
_GODONE                     (abs)        007E11
_HIGH_ISR                   intcode      000008
_IPEN                       (abs)        007E87
_IPR1bits                   (abs)        000F9F
_LATAbits                   (abs)        000F89
_LATBbits                   (abs)        000F8A
_LATCbits                   (abs)        000F8B
_LATDbits                   (abs)        000F8C
_LCD_Clear                  text64       0061FC
_LCD_Init                   text8        004B1E
_LCD_Send                   text65       0063C2
_LCD_ShowString             text63       00535C
_LOW_ISR                    intcodelo    000018
_PORTAbits                  (abs)        000F80
_PORTCbits                  (abs)        000F82
_PR2                        (abs)        000FBB
_PR6                        (abs)        000F4B
_PSTR1CON                   (abs)        000FB9
_RC1IE                      (abs)        007CED
_RC1IF                      (abs)        007CF5
_RCREG1                     (abs)        000FAE
_RCSTA1bits                 (abs)        000FAB
_RC_isr_cb                  bssCOMRAM    000039
_SPBRG1                     (abs)        000FAF
_SSP2ADD                    (abs)        000F6E
_SSP2BUF                    (abs)        000F6F
_SSP2CON1bits               (abs)        000F6C
_SSP2CON2bits               (abs)        000F6B
_SSP2IF                     (abs)        007D27
_SSP2STATbits               (abs)        000F6D
_T1CONbits                  (abs)        000FCD
_T2CONbits                  (abs)        000FBA
_T6CONbits                  (abs)        000F4A
_TMR1                       (abs)        000FCE
_TMR1IE                     (abs)        007CE8
_TMR1IF                     (abs)        007CF0
_TMR1ON                     (abs)        007E68
_TMR2IE                     (abs)        007CE9
_TMR2IF                     (abs)        007CF1
_TMR2ON                     (abs)        007DD2
_TMR6                       (abs)        000F4C
_TMR6IE                     (abs)        007BEA
_TMR6IF                     (abs)        007BF2
_TMR6ON                     (abs)        007A52
_TRISAbits                  (abs)        000F92
_TRISBbits                  (abs)        000F93
_TRISCbits                  (abs)        000F94
_TRISDbits                  (abs)        000F95
_TX1IF                      (abs)        007CF4
_TXREG1                     (abs)        000FAD
_TXSTA1bits                 (abs)        000FAC
__HRAM                      (abs)        000000
__H__absolute__             __absolute__ 000000
__Habs1                     abs1         000000
__Hbank0                    bank0        000000
__Hbank1                    bank1        000000
__Hbank10                   bank10       000000
__Hbank11                   bank11       000000
__Hbank12                   bank12       000000
__Hbank13                   bank13       000000
__Hbank14                   bank14       000000
__Hbank15                   bank15       000000
__Hbank2                    bank2        000000
__Hbank3                    bank3        000000
__Hbank4                    bank4        000000
__Hbank5                    bank5        000000
__Hbank6                    bank6        000000
__Hbank7                    bank7        000000
__Hbank8                    bank8        000000
__Hbank9                    bank9        000000
__Hbigbss                   bigbss       000000
__Hbigdata                  bigdata      000000
__Hbigram                   bigram       000000
__Hbigsfr                   bigsfr       000000
__Hbss                      bss          000000
__HbssBANK0                 bssBANK0     000000
__HbssBANK1                 bssBANK1     000000
__HbssCOMRAM                bssCOMRAM    000000
__Hcinit                    cinit        000000
__Hclrtext                  clrtext      000000
__Hcomram                   comram       000000
__Hconfig                   config       30000E
__Hconst                    const        000000
__HcstackBANK0              cstackBANK0  000000
__HcstackCOMRAM             cstackCOMRAM 000000
__Hdata                     data         000000
__HdataCOMRAM               dataCOMRAM   000000
__Heeprom_data              eeprom_data  000000
__Hfarbss                   farbss       000000
__Hfardata                  fardata      000000
__Hheap                     heap         000000
__Hibigdata                 ibigdata     000000
__Hidata                    idata        000000
__HidataCOMRAM              idataCOMRAM  000000
__Hidloc                    idloc        200008
__Hifardata                 ifardata     000000
__Hinit                     init         000164
__Hintcode                  intcode      00000C
__Hintcode_body             intcode_body 000000
__Hintcodelo                intcodelo    00015C
__Hintentry                 intentry     000000
__Hintret                   intret       000000
__Hintsave_regs             intsave_regs 000000
__Hirdata                   irdata       000000
__Hmediumconst              mediumconst  010000
__HnvFARRAM                 nvFARRAM     000000
__Hnvbit                    nvbit        000000
__Hnvrram                   nvrram       000000
__Hparam                    rparam       000000
__Hpowerup                  powerup      00015C
__Hram                      ram          000000
__Hramtop                   ramtop       001000
__Hrbit                     rbit         000000
__Hrbss                     rbss         000000
__Hrdata                    rdata        000000
__Hreset_vec                reset_vec    000004
__Hrparam                   rparam       000000
__Hsfr                      sfr          000000
__Hsmallconst               smallconst   000000
__Hspace_0                  (abs)        010000
__Hspace_1                  (abs)        000150
__Hspace_2                  (abs)        000F38
__Hspace_4                  (abs)        60000E
__Hstack                    stack        000F38
__Hstruct                   struct       000000
__Htemp                     temp         000021
__Htext                     text         000000
__Htext0                    text0        000000
__Htext1                    text1        000000
__Htext10                   text10       000000
__Htext11                   text11       000000
__Htext12                   text12       000000
__Htext13                   text13       000000
__Htext14                   text14       000000
__Htext15                   text15       000000
__Htext16                   text16       000000
__Htext17                   text17       000000
__Htext18                   text18       000000
__Htext19                   text19       000000
__Htext2                    text2        000000
__Htext20                   text20       000000
__Htext21                   text21       000000
__Htext22                   text22       000000
__Htext23                   text23       000000
__Htext24                   text24       000000
__Htext25                   text25       000000
__Htext26                   text26       000000
__Htext27                   text27       000000
__Htext28                   text28       000000
__Htext29                   text29       000000
__Htext3                    text3        000000
__Htext30                   text30       000000
__Htext31                   text31       000000
__Htext32                   text32       000000
__Htext33                   text33       000000
__Htext34                   text34       000000
__Htext35                   text35       000000
__Htext36                   text36       000000
__Htext37                   text37       000000
__Htext38                   text38       000000
__Htext39                   text39       000000
__Htext4                    text4        000000
__Htext40                   text40       000000
__Htext41                   text41       000000
__Htext42                   text42       000000
__Htext43                   text43       000000
__Htext44                   text44       000000
__Htext45                   text45       000000
__Htext46                   text46       000000
__Htext47                   text47       000000
__Htext48                   text48       000000
__Htext49                   text49       000000
__Htext5                    text5        000000
__Htext50                   text50       000000
__Htext51                   text51       000000
__Htext52                   text52       000000
__Htext53                   text53       000000
__Htext54                   text54       000000
__Htext55                   text55       000000
__Htext56                   text56       000000
__Htext57                   text57       000000
__Htext58                   text58       000000
__Htext59                   text59       000000
__Htext6                    text6        000000
__Htext60                   text60       000000
__Htext61                   text61       000000
__Htext62                   text62       000000
__Htext63                   text63       000000
__Htext64                   text64       000000
__Htext65                   text65       000000
__Htext67                   text67       000000
__Htext68                   text68       000000
__Htext7                    text7        000000
__Htext70                   text70       000000
__Htext71                   text71       000000
__Htext8                    text8        000000
__Htext9                    text9        000000
__LRAM                      (abs)        000001
__L__absolute__             __absolute__ 000000
__Labs1                     abs1         000000
__Lbank0                    bank0        000000
__Lbank1                    bank1        000000
__Lbank10                   bank10       000000
__Lbank11                   bank11       000000
__Lbank12                   bank12       000000
__Lbank13                   bank13       000000
__Lbank14                   bank14       000000
__Lbank15                   bank15       000000
__Lbank2                    bank2        000000
__Lbank3                    bank3        000000
__Lbank4                    bank4        000000
__Lbank5                    bank5        000000
__Lbank6                    bank6        000000
__Lbank7                    bank7        000000
__Lbank8                    bank8        000000
__Lbank9                    bank9        000000
__Lbigbss                   bigbss       000000
__Lbigdata                  bigdata      000000
__Lbigram                   bigram       000000
__Lbigsfr                   bigsfr       000000
__Lbss                      bss          000000
__LbssBANK0                 bssBANK0     000000
__LbssBANK1                 bssBANK1     000000
__LbssCOMRAM                bssCOMRAM    000000
__Lcinit                    cinit        000000
__Lclrtext                  clrtext      000000
__Lcomram                   comram       000000
__Lconfig                   config       000000
__Lconst                    const        000000
__LcstackBANK0              cstackBANK0  000000
__LcstackCOMRAM             cstackCOMRAM 000000
__Ldata                     data         000000
__LdataCOMRAM               dataCOMRAM   000000
__Leeprom_data              eeprom_data  000000
__Lfarbss                   farbss       000000
__Lfardata                  fardata      000000
__Lheap                     heap         000000
__Libigdata                 ibigdata     000000
__Lidata                    idata        000000
__LidataCOMRAM              idataCOMRAM  000000
__Lidloc                    idloc        000000
__Lifardata                 ifardata     000000
__Linit                     init         00015C
__Lintcode                  intcode      000008
__Lintcode_body             intcode_body 000000
__Lintcodelo                intcodelo    000018
__Lintentry                 intentry     000000
__Lintret                   intret       000000
__Lintsave_regs             intsave_regs 000000
__Lirdata                   irdata       000000
__Lmediumconst              mediumconst  00FBCC
__LnvFARRAM                 nvFARRAM     000000
__Lnvbit                    nvbit        000000
__Lnvrram                   nvrram       000000
__Lparam                    rparam       000000
__Lpowerup                  powerup      00015C
__Lram                      ram          000000
__Lramtop                   ramtop       001000
__Lrbit                     rbit         000000
__Lrbss                     rbss         000000
__Lrdata                    rdata        000000
__Lreset_vec                reset_vec    000000
__Lrparam                   rparam       000000
__Lsfr                      sfr          000000
__Lsmallconst               smallconst   000000
__Lspace_0                  (abs)        000000
__Lspace_1                  (abs)        000000
__Lspace_2                  (abs)        000000
__Lspace_4                  (abs)        000000
__Lstack                    stack        000150
__Lstruct                   struct       000000
__Ltemp                     temp         000001
__Ltext                     text         000000
__Ltext0                    text0        000000
__Ltext1                    text1        000000
__Ltext10                   text10       000000
__Ltext11                   text11       000000
__Ltext12                   text12       000000
__Ltext13                   text13       000000
__Ltext14                   text14       000000
__Ltext15                   text15       000000
__Ltext16                   text16       000000
__Ltext17                   text17       000000
__Ltext18                   text18       000000
__Ltext19                   text19       000000
__Ltext2                    text2        000000
__Ltext20                   text20       000000
__Ltext21                   text21       000000
__Ltext22                   text22       000000
__Ltext23                   text23       000000
__Ltext24                   text24       000000
__Ltext25                   text25       000000
__Ltext26                   text26       000000
__Ltext27                   text27       000000
__Ltext28                   text28       000000
__Ltext29                   text29       000000
__Ltext3                    text3        000000
__Ltext30                   text30       000000
__Ltext31                   text31       000000
__Ltext32                   text32       000000
__Ltext33                   text33       000000
__Ltext34                   text34       000000
__Ltext35                   text35       000000
__Ltext36                   text36       000000
__Ltext37                   text37       000000
__Ltext38                   text38       000000
__Ltext39                   text39       000000
__Ltext4                    text4        000000
__Ltext40                   text40       000000
__Ltext41                   text41       000000
__Ltext42                   text42       000000
__Ltext43                   text43       000000
__Ltext44                   text44       000000
__Ltext45                   text45       000000
__Ltext46                   text46       000000
__Ltext47                   text47       000000
__Ltext48                   text48       000000
__Ltext49                   text49       000000
__Ltext5                    text5        000000
__Ltext50                   text50       000000
__Ltext51                   text51       000000
__Ltext52                   text52       000000
__Ltext53                   text53       000000
__Ltext54                   text54       000000
__Ltext55                   text55       000000
__Ltext56                   text56       000000
__Ltext57                   text57       000000
__Ltext58                   text58       000000
__Ltext59                   text59       000000
__Ltext6                    text6        000000
__Ltext60                   text60       000000
__Ltext61                   text61       000000
__Ltext62                   text62       000000
__Ltext63                   text63       000000
__Ltext64                   text64       000000
__Ltext65                   text65       000000
__Ltext67                   text67       000000
__Ltext68                   text68       000000
__Ltext7                    text7        000000
__Ltext70                   text70       000000
__Ltext71                   text71       000000
__Ltext8                    text8        000000
__Ltext9                    text9        000000
__S0                        (abs)        010000
__S1                        (abs)        000150
__S2                        (abs)        000F38
__S4                        (abs)        000000
__S5                        (abs)        000000
___awdiv                    text60       004088
___awmod                    text59       004204
___fladd                    text47       0010EE
___fldiv                    text52       002228
___fleq                     text51       0050B4
___flge                     text50       003F02
___flmul                    text49       0019D2
___flneg                    text48       006292
___flsub                    text46       00635E
___fltol                    text45       003BC8
___fpclassifyf              text44       003D70
___fpclassifyf@F465         bssCOMRAM    00002D
___heap_hi                  (abs)        000000
___heap_lo                  (abs)        000000
___inthi_sp                 stack        0005F4
___intlo_sp                 stack        000A96
___lmul                     text28       005516
___param_bank               (abs)        000000
___rparam_used              (abs)        000001
___sp                       stack        000150
___xxtofl                   text62       003378
__accesstop                 (abs)        000060
__activetblptr              (abs)        000003
__end_of_HIGH_ISR           intcode_body 00447A
__end_of_LCD_Clear          text64       006248
__end_of_LCD_Init           text8        004C22
__end_of_LCD_Send           text65       0063EA
__end_of_LCD_ShowString     text63       00543A
__end_of_LOW_ISR            intcodelo    00015C
__end_of___awdiv            text60       004204
__end_of___awmod            text59       00434E
__end_of___fladd            text47       0019D2
__end_of___fldiv            text52       00284E
__end_of___fleq             text51       005198
__end_of___flge             text50       004088
__end_of___flmul            text49       002228
__end_of___flneg            text48       0062DC
__end_of___flsub            text46       006394
__end_of___fltol            text45       003D70
__end_of___fpclassifyf      text44       003F02
__end_of___lmul             text28       0055F0
__end_of___xxtofl           text62       0035D8
__end_of__initialization    cinit        00628C
__end_of_abs                text58       0061FC
__end_of_adc_init           text7        00642C
__end_of_adc_read           text61       00610A
__end_of_adc_state3         text16       0039E8
__end_of_bsp_drive_led      text30       005516
__end_of_bsp_init           text6        0060AE
__end_of_bsp_reg_RC_cb      text5        0064A0
__end_of_bsp_set_timeout    text29       0063C2
__end_of_dac_state4         text14       005B68
__end_of_dtoa               text53       003378
__end_of_efgtoa             text39       0010EE
__end_of_floorf             text43       0030F2
__end_of_fputc              text56       0045A2
__end_of_fputs              text55       005DF2
__end_of_fsm_add_event      text67       00648E
__end_of_fsm_dispatch       text10       006320
__end_of_fsm_get_event      text3        006448
__end_of_fsm_init           text2        00635E
__end_of_fsm_transition     text9        0061B0
__end_of_game_state5        text12       0046C6
__end_of_get_evt            text4        004A12
__end_of_gpio_state0        text21       00527A
__end_of_hw_state6          text11       005CBA
__end_of_init               text24       005ABA
__end_of_labs               text42       005F74
__end_of_main               text0        004B1E
__end_of_memcpy             text41       00535C
__end_of_pad                text54       005864
__end_of_printf             text32       006160
__end_of_putch              text57       006478
__end_of_pwm_state2         text18       0056C6
__end_of_rand               text27       00604E
__end_of_rc_isr_handle      text70       005FEA
__end_of_read_prec_or_width text38       004902
__end_of_sprintf            text31       005796
__end_of_srand              text26       00640E
__end_of_state0             text23       0059F4
__end_of_state1             text22       0050B4
__end_of_state2             text20       004FCA
__end_of_state3             text19       004EE0
__end_of_state4             text17       004DF6
__end_of_state5             text15       004D0C
__end_of_state6             text13       00592C
__end_of_stoa               text36       0037F0
__end_of_strcpy             text40       005D60
__end_of_strlen             text37       005EF8
__end_of_strncmp            text35       003BC8
__end_of_uart_init          text1        006460
__end_of_uart_state1        text25       0047E4
__end_of_vfpfcnvrt          text34       002DB6
__end_of_vfprintf           text33       005E7C
__end_of_write_evt          text68       005C14
__initialization            cinit        006248
__mediumconst               mediumconst  00FBCC
__pbssBANK0                 bssBANK0     000060
__pbssBANK1                 bssBANK1     000100
__pbssCOMRAM                bssCOMRAM    000021
__pcinit                    cinit        006248
__pcstackBANK0              cstackBANK0  0000C8
__pcstackCOMRAM             cstackCOMRAM 000040
__pdataCOMRAM               dataCOMRAM   00004B
__pidataCOMRAM              idataCOMRAM  0064A0
__pintcode                  intcode      000008
__pintcode_body             intcode_body 00434E
__pintcodelo                intcodelo    000018
__pmediumconst              mediumconst  00FBCC
__ptext0                    text0        004A12
__ptext1                    text1        006448
__ptext10                   text10       0062DC
__ptext11                   text11       005C14
__ptext12                   text12       0045A2
__ptext13                   text13       005864
__ptext14                   text14       005ABA
__ptext15                   text15       004C22
__ptext16                   text16       0037F0
__ptext17                   text17       004D0C
__ptext18                   text18       0055F0
__ptext19                   text19       004DF6
__ptext2                    text2        006320
__ptext20                   text20       004EE0
__ptext21                   text21       005198
__ptext22                   text22       004FCA
__ptext23                   text23       00592C
__ptext24                   text24       0059F4
__ptext25                   text25       0046C6
__ptext26                   text26       0063EA
__ptext27                   text27       005FEA
__ptext28                   text28       005516
__ptext29                   text29       006394
__ptext3                    text3        00642C
__ptext30                   text30       00543A
__ptext31                   text31       0056C6
__ptext32                   text32       00610A
__ptext33                   text33       005DF2
__ptext34                   text34       00284E
__ptext35                   text35       0039E8
__ptext36                   text36       0035D8
__ptext37                   text37       005E7C
__ptext38                   text38       0047E4
__ptext39                   text39       000164
__ptext4                    text4        004902
__ptext40                   text40       005CBA
__ptext41                   text41       00527A
__ptext42                   text42       005EF8
__ptext43                   text43       002DB6
__ptext44                   text44       003D70
__ptext45                   text45       003BC8
__ptext46                   text46       00635E
__ptext47                   text47       0010EE
__ptext48                   text48       006292
__ptext49                   text49       0019D2
__ptext5                    text5        00648E
__ptext50                   text50       003F02
__ptext51                   text51       0050B4
__ptext52                   text52       002228
__ptext53                   text53       0030F2
__ptext54                   text54       005796
__ptext55                   text55       005D60
__ptext56                   text56       00447A
__ptext57                   text57       006460
__ptext58                   text58       0061B0
__ptext59                   text59       004204
__ptext6                    text6        00604E
__ptext60                   text60       004088
__ptext61                   text61       0060AE
__ptext62                   text62       003378
__ptext63                   text63       00535C
__ptext64                   text64       0061FC
__ptext65                   text65       0063C2
__ptext67                   text67       006478
__ptext68                   text68       005B68
__ptext7                    text7        00640E
__ptext70                   text70       005F74
__ptext71                   text71       000000
__ptext8                    text8        004B1E
__ptext9                    text9        006160
__ramtop                    ramtop       001000
__smallconst                smallconst   000000
_abs                        text58       0061B0
_adc_init                   text7        00640E
_adc_read                   text61       0060AE
_adc_state3                 text16       0037F0
_bsp_drive_led              text30       00543A
_bsp_init                   text6        00604E
_bsp_reg_RC_cb              text5        00648E
_bsp_set_timeout            text29       006394
_bsp_timeout                bssCOMRAM    000031
_buttons                    bssCOMRAM    000021
_dac_state4                 text14       005ABA
_dbuf                       bssBANK1     000100
_dtoa                       text53       0030F2
_efgtoa                     text39       000164
_event_queue                bssBANK0     0000A6
_floorf                     text43       002DB6
_fputc                      text56       00447A
_fputs                      text55       005D60
_fsm_add_event              text67       006478
_fsm_dispatch               text10       0062DC
_fsm_get_event              text3        00642C
_fsm_init                   text2        006320
_fsm_transition             text9        006160
_game_state5                text12       0045A2
_get_evt                    text4        004902
_gpio_state0                text21       005198
_hw_state6                  text11       005C14
_init                       text24       0059F4
_labs                       text42       005EF8
_main                       text0        004A12
_memcpy                     text41       00527A
_msg                        bssBANK0     000060
_msg_rev                    bssBANK0     000083
_pad                        text54       005796
_prec                       bssCOMRAM    000037
_printf                     text32       00610A
_putch                      text57       006460
_pwm_state2                 text18       0055F0
_rand                       text27       005FEA
_rc_isr_handle              text70       005F74
_read_prec_or_width         text38       0047E4
_seed                       bssCOMRAM    00003C
_sprintf                    text31       0056C6
_srand                      text26       0063EA
_state0                     text23       00592C
_state1                     text22       004FCA
_state2                     text20       004EE0
_state3                     text19       004DF6
_state4                     text17       004D0C
_state5                     text15       004C22
_state6                     text13       005864
_stoa                       text36       0035D8
_strcpy                     text40       005CBA
_strlen                     text37       005E7C
_strncmp                    text35       0039E8
_uart_init                  text1        006448
_uart_state1                text25       0046C6
_vfpfcnvrt                  text34       00284E
_vfprintf                   text33       005DF2
_width                      bssCOMRAM    000035
_write_evt                  text68       005B68
btemp                       temp         000001
end_of_initialization       cinit        00628C
floorf@F526                 bssCOMRAM    000029
gpio_state0@leds            bssCOMRAM    00003B
int_func                    intcode_body 00434E
intlevel0                   text         000000
intlevel1                   text         000000
intlevel2                   text         000000
intlevel3                   text         000000
isa$std                     (abs)        000001
isa$xinst                   (abs)        000000
lltemp0                     temp         000001
lltemp1                     temp         000009
lltemp2                     temp         000011
lltemp3                     temp         000019
ltemp0                      temp         000001
ltemp1                      temp         000005
ltemp2                      temp         000009
stackhi                     (abs)        000F37
stacklo                     (abs)        000150
start                       init         00015C
start_initialization        cinit        006248
stoa@F1179                  dataCOMRAM   00004B
ttemp0                      temp         000001
ttemp1                      temp         000004
ttemp2                      temp         000007
ttemp3                      temp         00000A
ttemp5                      temp         000002
ttemp6                      temp         000005
ttemp7                      temp         000009
wtemp0                      temp         000001
wtemp1                      temp         000003
wtemp2                      temp         000005
wtemp3                      temp         000007
wtemp4                      temp         000009
wtemp5                      temp         00000B
wtemp8                      temp         000002


MODULE INFORMATION

Module		Function		Class		Link	Load	Size
C:\Program Files\Microchip\xc8\v2.41\pic\sources\c99\common\__fpclassifyf.c
		___fpclassifyf 		CODE           	3D70	0000	402

C:\Program Files\Microchip\xc8\v2.41\pic\sources\c99\common\__fpclassifyf.c estimated size: 402

C:\Program Files\Microchip\xc8\v2.41\pic\sources\c99\common\awmod.c
		___awmod       		CODE           	4204	0000	330

C:\Program Files\Microchip\xc8\v2.41\pic\sources\c99\common\awmod.c estimated size: 330

fsm.c
		_fsm_add_event 		CODE           	6478	0000	22
		_fsm_init      		CODE           	6320	0000	62
		_fsm_transition		CODE           	6160	0000	80
		_fsm_get_event 		CODE           	642C	0000	28
		_fsm_dispatch  		CODE           	62DC	0000	68

fsm.c estimated size: 260

C:\Program Files\Microchip\xc8\v2.41\pic\sources\c99\common\floorf.c
		_floorf        		CODE           	2DB6	0000	828

C:\Program Files\Microchip\xc8\v2.41\pic\sources\c99\common\floorf.c estimated size: 828

C:\Program Files\Microchip\xc8\v2.41\pic\sources\c99\common\flge.c
		___flge        		CODE           	3F02	0000	390

C:\Program Files\Microchip\xc8\v2.41\pic\sources\c99\common\flge.c estimated size: 390

C:\Program Files\Microchip\xc8\v2.41\pic\sources\c99\common\Umul32.c
		___lmul        		CODE           	5516	0000	218

C:\Program Files\Microchip\xc8\v2.41\pic\sources\c99\common\Umul32.c estimated size: 218

C:\Program Files\Microchip\xc8\v2.41\pic\sources\c99\common\fltol.c
		___fltol       		CODE           	3BC8	0000	424

C:\Program Files\Microchip\xc8\v2.41\pic\sources\c99\common\fltol.c estimated size: 424

uart.c
		_putch         		CODE           	6460	0000	24
		_uart_init     		CODE           	6448	0000	24

uart.c estimated size: 48

C:\Program Files\Microchip\xc8\v2.41\pic\sources\c99\common\xxtofl.c
		___xxtofl      		CODE           	3378	0000	608

C:\Program Files\Microchip\xc8\v2.41\pic\sources\c99\common\xxtofl.c estimated size: 608

C:\Program Files\Microchip\xc8\v2.41\pic\sources\c99\common\rand.c
		_srand         		CODE           	63EA	0000	36
		_rand          		CODE           	5FEA	0000	100

C:\Program Files\Microchip\xc8\v2.41\pic\sources\c99\common\rand.c estimated size: 136

C:\Program Files\Microchip\xc8\v2.41\pic\sources\c99\common\strlen.c
		_strlen        		CODE           	5E7C	0000	124

C:\Program Files\Microchip\xc8\v2.41\pic\sources\c99\common\strlen.c estimated size: 124

C:\Program Files\Microchip\xc8\v2.41\pic\sources\c99\common\nf_fputc.c
		_fputc         		CODE           	447A	0000	296

C:\Program Files\Microchip\xc8\v2.41\pic\sources\c99\common\nf_fputc.c estimated size: 296

C:\Program Files\Microchip\xc8\v2.41\pic\sources\c99\common\strcpy.c
		_strcpy        		CODE           	5CBA	0000	166

C:\Program Files\Microchip\xc8\v2.41\pic\sources\c99\common\strcpy.c estimated size: 166

C:\Program Files\Microchip\xc8\v2.41\pic\sources\c99\common\nf_sprintf.c
		_sprintf       		CODE           	56C6	0000	208

C:\Program Files\Microchip\xc8\v2.41\pic\sources\c99\common\nf_sprintf.c estimated size: 208

C:\Program Files\Microchip\xc8\v2.41\pic\sources\c99\common\sprcadd.c
		___flsub       		CODE           	635E	0000	54
		___fladd       		CODE           	10EE	0000	2276

C:\Program Files\Microchip\xc8\v2.41\pic\sources\c99\common\sprcadd.c estimated size: 2330

C:\Program Files\Microchip\xc8\v2.41\pic\sources\c99\common\awdiv.c
		___awdiv       		CODE           	4088	0000	380

C:\Program Files\Microchip\xc8\v2.41\pic\sources\c99\common\awdiv.c estimated size: 380

C:\Program Files\Microchip\xc8\v2.41\pic\sources\c99\common\abs.c
		_abs           		CODE           	61B0	0000	76

C:\Program Files\Microchip\xc8\v2.41\pic\sources\c99\common\abs.c estimated size: 76

C:\Program Files\Microchip\xc8\v2.41\pic\sources\c99\common\doprnt.c
		_read_prec_or_width		CODE           	47E4	0000	286
		_vfpfcnvrt     		CODE           	284E	0000	1384
		_efgtoa        		CODE           	0164	0000	3978
		_pad           		CODE           	5796	0000	206
		_dtoa          		CODE           	30F2	0000	646
		_vfprintf      		CODE           	5DF2	0000	138
		_stoa          		CODE           	35D8	0000	536

C:\Program Files\Microchip\xc8\v2.41\pic\sources\c99\common\doprnt.c estimated size: 7174

adc.c
		_adc_read      		CODE           	60AE	0000	92
		_adc_init      		CODE           	640E	0000	30

adc.c estimated size: 122

C:\Program Files\Microchip\xc8\v2.41\pic\sources\c99\common\flneg.c
		___flneg       		CODE           	6292	0000	74

C:\Program Files\Microchip\xc8\v2.41\pic\sources\c99\common\flneg.c estimated size: 74

C:\Program Files\Microchip\xc8\v2.41\pic\sources\c99\common\fleq.c
		___fleq        		CODE           	50B4	0000	228

C:\Program Files\Microchip\xc8\v2.41\pic\sources\c99\common\fleq.c estimated size: 228

shared
		__initialization		CODE           	6248	0000	68

shared estimated size: 68

C:\Program Files\Microchip\xc8\v2.41\pic\sources\c99\common\memcpy.c
		_memcpy        		CODE           	527A	0000	226

C:\Program Files\Microchip\xc8\v2.41\pic\sources\c99\common\memcpy.c estimated size: 226

lcd.c
		_LCD_Init      		CODE           	4B1E	0000	260
		_LCD_Send      		CODE           	63C2	0000	40
		_LCD_ShowString		CODE           	535C	0000	222
		_LCD_Clear     		CODE           	61FC	0000	76

lcd.c estimated size: 598

C:\Program Files\Microchip\xc8\v2.41\pic\sources\c99\common\nf_fputs.c
		_fputs         		CODE           	5D60	0000	146

C:\Program Files\Microchip\xc8\v2.41\pic\sources\c99\common\nf_fputs.c estimated size: 146

bsp.c
		_LOW_ISR       		CODE           	0018	0000	324
		_HIGH_ISR      		CODE           	0008	0000	304
		_bsp_drive_led 		CODE           	543A	0000	220
		_bsp_set_timeout		CODE           	6394	0000	46
		_bsp_init      		CODE           	604E	0000	96
		_bsp_reg_RC_cb 		CODE           	648E	0000	18

bsp.c estimated size: 1008

C:\Program Files\Microchip\xc8\v2.41\pic\sources\c99\common\labs.c
		_labs          		CODE           	5EF8	0000	124

C:\Program Files\Microchip\xc8\v2.41\pic\sources\c99\common\labs.c estimated size: 124

main.c
		_uart_state1   		CODE           	46C6	0000	286
		_rc_isr_handle 		CODE           	5F74	0000	118
		_init          		CODE           	59F4	0000	198
		_dac_state4    		CODE           	5ABA	0000	174
		_pwm_state2    		CODE           	55F0	0000	214
		_adc_state3    		CODE           	37F0	0000	504
		_state1        		CODE           	4FCA	0000	234
		_state4        		CODE           	4D0C	0000	234
		_main          		CODE           	4A12	0000	268
		_game_state5   		CODE           	45A2	0000	292
		_gpio_state0   		CODE           	5198	0000	226
		_state2        		CODE           	4EE0	0000	234
		_state5        		CODE           	4C22	0000	234
		_state0        		CODE           	592C	0000	200
		_hw_state6     		CODE           	5C14	0000	166
		_state3        		CODE           	4DF6	0000	234
		_state6        		CODE           	5864	0000	200

main.c estimated size: 4016

C:\Program Files\Microchip\xc8\v2.41\pic\sources\c99\common\strncmp.c
		_strncmp       		CODE           	39E8	0000	480

C:\Program Files\Microchip\xc8\v2.41\pic\sources\c99\common\strncmp.c estimated size: 480

C:\Program Files\Microchip\xc8\v2.41\pic\sources\c99\common\sprcmul.c
		___flmul       		CODE           	19D2	0000	2134

C:\Program Files\Microchip\xc8\v2.41\pic\sources\c99\common\sprcmul.c estimated size: 2134

C:\Program Files\Microchip\xc8\v2.41\pic\sources\c99\common\printf.c
		_printf        		CODE           	610A	0000	86

C:\Program Files\Microchip\xc8\v2.41\pic\sources\c99\common\printf.c estimated size: 86

evt_queue.c
		_get_evt       		CODE           	4902	0000	272
		_write_evt     		CODE           	5B68	0000	172

evt_queue.c estimated size: 444

C:\Program Files\Microchip\xc8\v2.41\pic\sources\c99\common\sprcdiv.c
		___fldiv       		CODE           	2228	0000	1574

C:\Program Files\Microchip\xc8\v2.41\pic\sources\c99\common\sprcdiv.c estimated size: 1574

